[pytest]
# pytest configuration for Sports Connect Automation

# Test discovery
testpaths = tests
python_files = test_*.py
python_classes = Test*
python_functions = test_*

# Markers
markers =
    slow: marks tests as slow (deselect with '-m "not slow"')
    integration: marks tests as integration tests requiring external resources
    unit: marks tests as unit tests (fast, isolated)
    e2e: marks tests as end-to-end tests
    skip_ci: marks tests to skip in CI/CD environment

# Coverage settings
addopts = 
    --verbose
    --strict-markers
    --tb=short
    --cov=src
    --cov-report=term-missing
    --cov-report=html:htmlcov
    --cov-fail-under=70

# Logging
log_cli = true
log_cli_level = INFO
log_cli_format = %(asctime)s [%(levelname)8s] %(message)s
log_cli_date_format = %Y-%m-%d %H:%M:%S

# Warnings
filterwarnings =
    ignore::DeprecationWarning
    ignore::PendingDeprecationWarning

# Timeout
timeout = 300
timeout_method = thread

# Test output
console_output_style = progress
